%!Adobe-FontList 1.18
%Locale:0x419

%BeginFont
Handler:DirectoryHandler
FontType:TrueType
FontName:ArialMT
FamilyName:Arial
StyleName:Regular
MenuName:Arial
StyleBits:0
WeightClass:400
WidthClass:5
AngleClass:0
FullName:Arial
WritingScript:Roman
OutlineFileName:\arial.ttf
DataFormat:sfntData
hasSVG:no
FileLength:778552
FileModTime:1305077456
NameArray:0,Mac,4,Arial
NameArray:0,Win,1,Arial
%EndFont

%BeginFont
Handler:DirectoryHandler
FontType:TrueType
FontName:Arial-BoldMT
FamilyName:Arial
StyleName:Bold
MenuName:Arial
StyleBits:2
WeightClass:700
WidthClass:5
AngleClass:0
FullName:Arial Bold
WritingScript:Roman
OutlineFileName:\arialbd.ttf
DataFormat:sfntData
hasSVG:no
FileLength:749004
FileModTime:1295231568
NameArray:0,Mac,4,Arial Bold
NameArray:0,Win,1,Arial
%EndFont

%BeginFont
Handler:DirectoryHandler
FontType:TrueType
FontName:Arial-ItalicMT
FamilyName:Arial
StyleName:Italic
MenuName:Arial
StyleBits:1
WeightClass:400
WidthClass:5
AngleClass:1
FullName:Arial Italic
WritingScript:Roman
OutlineFileName:\ariali.ttf
DataFormat:sfntData
hasSVG:no
FileLength:555884
FileModTime:1295231568
NameArray:0,Mac,4,Arial Italic
NameArray:0,Win,1,Arial
%EndFont

%BeginFont
Handler:DirectoryHandler
FontType:TrueType
FontName:Baby95
FamilyName:Baby95
StyleName:Regular
MenuName:Baby95
StyleBits:0
WeightClass:400
WidthClass:7
AngleClass:0
FullName:Baby95
WritingScript:Roman
OutlineFileName:\BABY95.TTF
DataFormat:sfntData
hasSVG:no
FileLength:27380
FileModTime:988331006
NameArray:0,Mac,4,Baby95
NameArray:7,Win,1,Baby95
%EndFont

%BeginFont
Handler:DirectoryHandler
FontType:TrueType
FontName:ChartwellPies
FamilyName:Chartwell Pies
StyleName:Regular
MenuName:ChartwellPies
StyleBits:0
WeightClass:400
WidthClass:5
AngleClass:0
FullName:ChartwellPies
WritingScript:Roman
OutlineFileName:\ChartwellPies.ttf
DataFormat:sfntData
hasSVG:no
FileLength:681168
FileModTime:1493223268
NameArray:0,Mac,4,ChartwellPies
NameArray:0,Win,1,ChartwellPies
NameArray:0,Win,16,Chartwell Pies
%EndFont

%BeginFont
Handler:DirectoryHandler
FontType:Type1
FontName:Geometria-Bold
FamilyName:Geometria
StyleName:Bold
MenuName:Geometria
StyleBits:2
WeightClass:700
WidthClass:5
AngleClass:0
FullName:Geometria Bold
WritingScript:Roman
OutlineFileName:\Geometria-Bold.otf
DataFormat:sfntData
UsesStandardEncoding:yes
isCFF:yes
hasSVG:no
FileLength:166468
FileModTime:1386726580
NameArray:0,Mac,4,Geometria Bold
NameArray:0,Win,1,Geometria
%EndFont

%BeginFont
Handler:DirectoryHandler
FontType:Type1
FontName:Geometria-BoldItalic
FamilyName:Geometria
StyleName:Bold Italic
MenuName:Geometria
StyleBits:3
WeightClass:700
WidthClass:5
AngleClass:1
FullName:Geometria BoldItalic
WritingScript:Roman
OutlineFileName:\Geometria-BoldItalic.otf
DataFormat:sfntData
UsesStandardEncoding:yes
isCFF:yes
hasSVG:no
FileLength:167540
FileModTime:1386726584
NameArray:0,Mac,4,Geometria BoldItalic
NameArray:0,Win,1,Geometria
%EndFont

%BeginFont
Handler:DirectoryHandler
FontType:Type1
FontName:Geometria-ExtraBold
FamilyName:Geometria
StyleName:ExtraBold
MenuName:Geometria
StyleBits:2
WeightClass:800
WidthClass:5
AngleClass:0
FullName:Geometria ExtraBold
WritingScript:Roman
OutlineFileName:\Geometria-ExtaBlack.otf
DataFormat:sfntData
UsesStandardEncoding:yes
isCFF:yes
hasSVG:no
FileLength:166048
FileModTime:1386726588
NameArray:0,Mac,4,Geometria ExtraBold
NameArray:0,Win,1,Geometria
%EndFont

%BeginFont
Handler:DirectoryHandler
FontType:Type1
FontName:Geometria-Heavy
FamilyName:Geometria
StyleName:Heavy
MenuName:Geometria
StyleBits:2
WeightClass:900
WidthClass:5
AngleClass:0
FullName:Geometria Heavy
WritingScript:Roman
OutlineFileName:\Geometria-Heavy.otf
DataFormat:sfntData
UsesStandardEncoding:yes
isCFF:yes
hasSVG:no
FileLength:165968
FileModTime:1386726602
NameArray:0,Mac,4,Geometria Heavy
NameArray:0,Win,1,Geometria
%EndFont

%BeginFont
Handler:DirectoryHandler
FontType:Type1
FontName:Geometria-Italic
FamilyName:Geometria
StyleName:Italic
MenuName:Geometria
StyleBits:1
WeightClass:400
WidthClass:5
AngleClass:1
FullName:Geometria Italic
WritingScript:Roman
OutlineFileName:\Geometria-Italic.otf
DataFormat:sfntData
UsesStandardEncoding:yes
isCFF:yes
hasSVG:no
FileLength:169452
FileModTime:1386726610
NameArray:0,Mac,4,Geometria Italic
NameArray:0,Win,1,Geometria
%EndFont

%BeginFont
Handler:DirectoryHandler
FontType:Type1
FontName:Geometria-Medium
FamilyName:Geometria
StyleName:Medium
MenuName:Geometria
StyleBits:0
WeightClass:500
WidthClass:5
AngleClass:0
FullName:Geometria Medium
WritingScript:Roman
OutlineFileName:\Geometria-Medium.otf
DataFormat:sfntData
UsesStandardEncoding:yes
isCFF:yes
hasSVG:no
FileLength:166892
FileModTime:1386726622
NameArray:0,Mac,4,Geometria Medium
NameArray:0,Win,1,Geometria
%EndFont

%BeginFont
Handler:DirectoryHandler
FontType:Type1
FontName:Geometria
FamilyName:Geometria
StyleName:Regular
MenuName:Geometria
StyleBits:0
WeightClass:400
WidthClass:5
AngleClass:0
FullName:Geometria
WritingScript:Roman
OutlineFileName:\Geometria.otf
DataFormat:sfntData
UsesStandardEncoding:yes
isCFF:yes
hasSVG:no
FileLength:167732
FileModTime:1386726576
NameArray:0,Mac,4,Geometria
NameArray:0,Win,1,Geometria
%EndFont

%BeginFont
Handler:DirectoryHandler
FontType:TrueType
FontName:PTSans-Regular
FamilyName:PT Sans
StyleName:Regular
MenuName:PT Sans
StyleBits:0
WeightClass:400
WidthClass:5
AngleClass:0
FullName:PT Sans
WritingScript:Roman
OutlineFileName:\pt-sans_[allfont.ru].ttf
DataFormat:sfntData
hasSVG:no
FileLength:345060
FileModTime:1494558526
NameArray:0,Mac,18,PT Sans
NameArray:0,Mac,4,PT Sans
NameArray:0,Win,1,PT Sans
%EndFont

